[constance.local/index.html]
[backblue.gif]
[fade.gif]
[index.html]
[constance.local/wp-content/plugins/beaver-builder-lite-version/fonts/fontawesome/5.15.4/webfonts/fa-solid-900.woff2]
[constance.local/wp-content/plugins/beaver-builder-lite-version/fonts/fontawesome/5.15.4/webfonts/fa-brands-400.woff2]
[constance.local/feed/index.html]
[constance.local/comments/feed/index.html]
[constance.local/wp-content/themes/astra/assets/css/minified/compatibility/page-builder/bb-plugin.min3d81.css]
[constance.local/wp-content/themes/astra/assets/css/minified/main.min3d81.css]
[constance.local/wp-includes/css/dist/block-library/style.min3781.css]
[constance.local/wp-content/plugins/beaver-builder-lite-version/fonts/fontawesome/5.15.4/css/all.min7030.css]
[constance.local/wp-content/uploads/bb-plugin/cache/5-layouta241.css]
[constance.local/wp-includes/js/jquery/jquery.min5aed.js]
[constance.local/wp-includes/js/jquery/jquery-migrate.min6b00.js]
[constance.local/wp-json/wp/v2/pages/5.json]
[constance.local/xmlrpc0db0.php]
[constance.local/wp-json/index.html]
[constance.local/wp-json/oembed/1.0/embede913.json]
[constance.local/wp-content/uploads/2023/07/cropped-cropped-JasperArt_2023-06-01_22.06.07_1_upscaled-1-1-32x32.jpg]
[constance.local/wp-json/oembed/1.0/embedd1ca]
[constance.local/wp-content/uploads/2023/07/cropped-cropped-JasperArt_2023-06-01_22.06.07_1_upscaled-1-1-192x192.jpg]
[constance.local/wp-content/uploads/2023/07/cropped-cropped-JasperArt_2023-06-01_22.06.07_1_upscaled-1-1-180x180.jpg]
[constance.local/wp-content/uploads/2023/07/cropped-cropped-cropped-JasperArt_2023-06-01_22.06.07_1_upscaled-1-1-75x75.jpg]
[constance.local/wp-content/uploads/2023/07/greenbonds.png]
[constance.local/wp-content/uploads/2023/07/Picture3.png]
[constance.local/wp-content/uploads/2023/07/TR.png]
[constance.local/wp-content/uploads/2023/07/sandor.png]
[constance.local/wp-content/plugins/beaver-builder-lite-version/img/pixel.png]
[constance.local/wp-content/themes/astra/assets/js/minified/frontend.min3d81.js]
[constance.local/wp-content/uploads/bb-plugin/cache/5-layout6bff.js]
[constance.local/index.html]
[constance.local/wp-content/themes/astra/assets/css/minified/compatibility/page-builder/bb-plugin.min3d81.css]
[constance.local/wp-content/themes/astra/assets/css/minified/main.min3d81.css]
[constance.local/wp-includes/css/dist/block-library/style.min3781.css]
[constance.local/wp-content/plugins/beaver-builder-lite-version/fonts/fontawesome/5.15.4/webfonts/fa-brands-400.eot]
[constance.local/wp-content/plugins/beaver-builder-lite-version/fonts/fontawesome/5.15.4/webfonts/fa-brands-400.woff]
[constance.local/wp-content/plugins/beaver-builder-lite-version/fonts/fontawesome/5.15.4/webfonts/fa-brands-400d41d.eot]
[constance.local/wp-content/plugins/beaver-builder-lite-version/fonts/fontawesome/5.15.4/webfonts/fa-brands-400.ttf]
[constance.local/wp-content/plugins/beaver-builder-lite-version/fonts/fontawesome/5.15.4/webfonts/fa-regular-400.eot]
[constance.local/wp-content/plugins/beaver-builder-lite-version/fonts/fontawesome/5.15.4/webfonts/fa-regular-400.woff2]
[constance.local/wp-content/plugins/beaver-builder-lite-version/fonts/fontawesome/5.15.4/webfonts/fa-regular-400.woff]
[constance.local/wp-content/plugins/beaver-builder-lite-version/fonts/fontawesome/5.15.4/webfonts/fa-regular-400.ttf]
[constance.local/wp-content/plugins/beaver-builder-lite-version/fonts/fontawesome/5.15.4/webfonts/fa-solid-900.eot]
[constance.local/wp-content/plugins/beaver-builder-lite-version/fonts/fontawesome/5.15.4/webfonts/fa-solid-900.woff]
[constance.local/wp-content/plugins/beaver-builder-lite-version/fonts/fontawesome/5.15.4/webfonts/fa-solid-900.ttf]
[constance.local/wp-content/plugins/beaver-builder-lite-version/fonts/fontawesome/5.15.4/css/all.min7030.css]
[constance.local/wp-content/uploads/2023/07/constanceskewed.jpg]
[constance.local/wp-content/uploads/bb-plugin/cache/5-layouta241.css]
[constance.local/wp-includes/js/jquery/jquery.min5aed.js]
[constance.local/wp-includes/js/jquery/jquery-migrate.min6b00.js]
[constance.local/wp-content/uploads/2023/07/Picture5.png]
[constance.local/wp-content/uploads/2023/07/Rebecca.png]
[constance.local/wp-content/themes/astra/assets/js/minified/frontend.min3d81.js]
[constance.local/wp-content/uploads/bb-plugin/cache/5-layout6bff.js]
[constance.local/wp-content/plugins/beaver-builder-lite-version/index.html]
[constance.local/wp-content/plugins/beaver-builder-lite-version/fonts/fontawesome/5.15.4/webfonts/fa-regular-400d41d.eot]
[constance.local/wp-content/plugins/beaver-builder-lite-version/fonts/fontawesome/5.15.4/webfonts/fa-regular-400.svg]
[constance.local/wp-content/plugins/beaver-builder-lite-version/fonts/fontawesome/5.15.4/webfonts/fa-solid-900d41d.eot]
[constance.local/wp-content/plugins/beaver-builder-lite-version/fonts/fontawesome/5.15.4/webfonts/fa-solid-900.svg]
[constance.local/wp-admin/admin-ajax.html]
[constance.local/wp-content/plugins/beaver-builder-lite-version/index.html]
[constance.local/wp-content/plugins/beaver-builder-lite-version/fonts/fontawesome/5.15.4/webfonts/fa-brands-400.svg]
